
> chambometro@0.0.0 build
> vite build

[36mvite v7.3.1 [32mbuilding client environment for production...[36m[39m
transforming...
[32mÔ£ô[39m 4 modules transformed.
node.exe : [31mÔ£ù[39m Build failed in 105ms
En línea: 1 Carácter: 1
+ & "C:\Program Files\nodejs/node.exe" "C:\Program Files\nodejs/node_mo ...
+ ~~~~~~~~~~~~~~~~~~~~~~~~~~~~~~~~~~~~~~~~~~~~~~~~~~~~~~~~~~~~~~~~~~~~~
    + CategoryInfo          : NotSpecified: ([31mÔ£ù[39m Build failed in 105ms:St 
   ring) [], RemoteException
    + FullyQualifiedErrorId : NativeCommandError
 
[31merror during build:
[31m[@tailwindcss/vite:generate:build] Cannot apply unknown utility class 
`bg-opacity-30`[31m
file: [36mC:/Users/mdaca/OneDrive/Documentos/PM 
APP/governance-app/src/index.css[31m
    at onInvalidCandidate (file:///C:/Users/mdaca/OneDrive/Documentos/PM%20APP/gover
nance-app/node_modules/tailwindcss/dist/chunk-L5IEUH3R.mjs:21:1511)
    at $e (file:///C:/Users/mdaca/OneDrive/Documentos/PM%20APP/governance-app/node_m
odules/tailwindcss/dist/chunk-L5IEUH3R.mjs:16:37066)
    at file:///C:/Users/mdaca/OneDrive/Documentos/PM%20APP/governance-app/node_modul
es/tailwindcss/dist/chunk-L5IEUH3R.mjs:21:355
    at Ar (file:///C:/Users/mdaca/OneDrive/Documentos/PM%20APP/governance-app/node_m
odules/tailwindcss/dist/chunk-L5IEUH3R.mjs:3:1733)
    at I (file:///C:/Users/mdaca/OneDrive/Documentos/PM%20APP/governance-app/node_mo
dules/tailwindcss/dist/chunk-L5IEUH3R.mjs:3:1377)
    at Ce (file:///C:/Users/mdaca/OneDrive/Documentos/PM%20APP/governance-app/node_m
odules/tailwindcss/dist/chunk-L5IEUH3R.mjs:21:172)
    at Gi (file:///C:/Users/mdaca/OneDrive/Documentos/PM%20APP/governance-app/node_m
odules/tailwindcss/dist/chunk-L5IEUH3R.mjs:38:294)
    at async ao (file:///C:/Users/mdaca/OneDrive/Documentos/PM%20APP/governance-app/
node_modules/tailwindcss/dist/chunk-L5IEUH3R.mjs:38:631)
    at async vf (file:///C:/Users/mdaca/OneDrive/Documentos/PM%20APP/governance-app/
node_modules/tailwindcss/dist/chunk-L5IEUH3R.mjs:38:1406)
    at async uu (file:///C:/Users/mdaca/OneDrive/Documentos/PM%20APP/governance-app/
node_modules/@tailwindcss/node/dist/index.mjs:10:3458)[39m
